
> codence-next@0.1.0 build
> next build

   Γû▓ Next.js 15.5.6

   Creating an optimized production build ...
node.exe : Failed to 
compile.
At line:1 char:1
+ & "C:\Program 
Files\nodejs/node.exe" 
"C:\Users\Aditya 
Raj\AppData\Roa ...
+ ~~~~~~~~~~~~~~~~~~~~~~
~~~~~~~~~~~~~~~~~~~~~~~~
~~~~~~~~~~~~~~~~~~~~~~~
    + CategoryInfo      
        : NotSpecified: 
(F    ailed to 
compile.:Str    ing) 
[], RemoteExcept    ion
    + 
FullyQualifiedError    
Id : NativeCommandErr   
 or
 

./context/AuthContext.ts
x
Module not found: Can't 
resolve 'js-cookie'

https://nextjs.org/docs/
messages/module-not-foun
d


> Build failed because 
of webpack errors
